
> cookie-cutter@0.0.1 test
> jest test/embeddings/embeddings.service.spec.ts

[32m[Nest] 25836  - [39m26/03/2026, 22:37:28 [32m    LOG[39m [38;5;3m[EmbeddingsService] [39m[32mGenerating embedding for text: "texto de teste..."[39m
[32m[Nest] 25836  - [39m26/03/2026, 22:37:28 [32m    LOG[39m [38;5;3m[EmbeddingsService] [39m[32mGenerating embedding for text: "texto de teste..."[39m
[Nest] 25836  - 26/03/2026, 22:37:28   ERROR [EmbeddingsService] Error generating embedding with OpenAI
Error: OpenAI Error
    at Object.<anonymous> (C:\Projetos\fatec\veredito-backend\test\embeddings\embeddings.service.spec.ts:53:25)
    at Promise.finally.completed (C:\Projetos\fatec\veredito-backend\node_modules\jest-circus\build\jestAdapterInit.js:1557:28)
    at new Promise (<anonymous>)
    at callAsyncCircusFn (C:\Projetos\fatec\veredito-backend\node_modules\jest-circus\build\jestAdapterInit.js:1497:10)
    at _callCircusTest (C:\Projetos\fatec\veredito-backend\node_modules\jest-circus\build\jestAdapterInit.js:1007:40)
    at processTicksAndRejections (node:internal/process/task_queues:105:5)
    at _runTest (C:\Projetos\fatec\veredito-backend\node_modules\jest-circus\build\jestAdapterInit.js:947:3)
    at C:\Projetos\fatec\veredito-backend\node_modules\jest-circus\build\jestAdapterInit.js:849:7
    at _runTestsForDescribeBlock (C:\Projetos\fatec\veredito-backend\node_modules\jest-circus\build\jestAdapterInit.js:862:11)
    at _runTestsForDescribeBlock (C:\Projetos\fatec\veredito-backend\node_modules\jest-circus\build\jestAdapterInit.js:857:11)
    at _runTestsForDescribeBlock (C:\Projetos\fatec\veredito-backend\node_modules\jest-circus\build\jestAdapterInit.js:857:11)
    at run (C:\Projetos\fatec\veredito-backend\node_modules\jest-circus\build\jestAdapterInit.js:761:3)
    at runAndTransformResultsToJestFormat (C:\Projetos\fatec\veredito-backend\node_modules\jest-circus\build\jestAdapterInit.js:1918:21)
    at jestAdapter (C:\Projetos\fatec\veredito-backend\node_modules\jest-circus\build\runner.js:101:19)
    at runTestInternal (C:\Projetos\fatec\veredito-backend\node_modules\jest-runner\build\index.js:275:16)
    at runTest (C:\Projetos\fatec\veredito-backend\node_modules\jest-runner\build\index.js:343:7)
(node:25836) [DEP0040] DeprecationWarning: The `punycode` module is deprecated. Please use a userland alternative instead.
(Use `node --trace-deprecation ...` to show where the warning was created)
PASS test/embeddings/embeddings.service.spec.ts
  EmbeddingsService
    ÔêÜ deve ser definido (5 ms)
    generateEmbedding
      ÔêÜ deve retornar o vetor de embedding quando a chamada para OpenAI for bem-sucedida (4 ms)
      ÔêÜ deve lan├ºar erro quando a chamada para OpenAI falhar (9 ms)

Test Suites: 1 passed, 1 total
Tests:       3 passed, 3 total
Snapshots:   0 total
Time:        2.604 s
Ran all test suites matching test/embeddings/embeddings.service.spec.ts.
